[2026-08-29 13:19:43] A0A140D2T1_ZIKV_Sourisseau_2019: variants=9576 single=9576 mismatch=0 dup=0
[2026-08-29 13:19:43] A0A192B1T2_9HIV1_Haddox_2018: variants=12577 single=12577 mismatch=0 dup=0
[2026-08-29 13:19:43] A0A1I9GEU1_NEIME_Kennouche_2019: variants=922 single=922 mismatch=0 dup=0
[2026-08-29 13:19:43] A0A247D711_LISMN_Stadelmann_2021: variants=1653 single=1653 mismatch=0 dup=0
[2026-08-29 13:19:43] A0A2Z5U3Z0_9INFA_Doud_2016: variants=10715 single=10715 mismatch=0 dup=0
[2026-08-29 13:19:43] A0A2Z5U3Z0_9INFA_Wu_2014: variants=2350 single=2350 mismatch=0 dup=0
[2026-08-29 13:19:44] A4_HUMAN_Seuma_2022: variants=14811 single=796 mismatch=0 dup=0
[2026-08-29 13:19:44] A4D664_9INFA_Soh_2019: variants=14421 single=14421 mismatch=0 dup=0
[2026-08-29 13:19:44] A4GRB6_PSEAI_Chen_2020: variants=5004 single=5004 mismatch=0 dup=0
[2026-08-29 13:19:44] AACC1_PSEAI_Dandage_2018: variants=1801 single=1801 mismatch=0 dup=0
[2026-08-29 13:19:44] ACE2_HUMAN_Chan_2020: variants=2223 single=2223 mismatch=0 dup=0
[2026-08-29 13:19:44] ADRB2_HUMAN_Jones_2020: variants=7800 single=7800 mismatch=0 dup=0
[2026-08-29 13:19:44] AICDA_HUMAN_Gajula_2014_3cycles: variants=209 single=209 mismatch=0 dup=0
[2026-08-29 13:19:44] AMFR_HUMAN_Tsuboyama_2023_4G3O: variants=2972 single=820 mismatch=0 dup=0
[2026-08-29 13:19:44] AMIE_PSEAE_Wrenbeck_2017: variants=6227 single=6227 mismatch=0 dup=0
[2026-08-29 13:19:44] ANCSZ_Hobbs_2022: variants=4670 single=4670 mismatch=0 dup=0
[2026-08-29 13:19:44] ARGR_ECOLI_Tsuboyama_2023_1AOY: variants=1287 single=1287 mismatch=0 dup=0
[2026-08-29 13:19:44] B2L11_HUMAN_Dutta_2010_binding-Mcl-1: variants=170 single=170 mismatch=0 dup=0
[2026-08-29 13:19:45] BBC1_YEAST_Tsuboyama_2023_1TG0: variants=2069 single=1084 mismatch=0 dup=0
[2026-08-29 13:19:45] BCHB_CHLTE_Tsuboyama_2023_2KRU: variants=1572 single=890 mismatch=0 dup=0
[2026-08-29 13:19:45] BLAT_ECOLX_Deng_2012: variants=4996 single=4996 mismatch=0 dup=0
[2026-08-29 13:19:45] BLAT_ECOLX_Firnberg_2014: variants=4783 single=4783 mismatch=0 dup=0
[2026-08-29 13:19:45] BLAT_ECOLX_Jacquier_2013: variants=989 single=989 mismatch=0 dup=0
[2026-08-29 13:19:45] BLAT_ECOLX_Stiffler_2015: variants=4996 single=4996 mismatch=0 dup=0
[2026-08-29 13:19:45] BRCA1_HUMAN_Findlay_2018: variants=1837 single=1837 mismatch=0 dup=0
[2026-08-29 13:19:45] BRCA2_HUMAN_Erwood_2022_HEK293T: variants=265 single=265 mismatch=0 dup=0
[2026-08-29 13:19:45] C6KNH7_9INFA_Lee_2018: variants=10754 single=10754 mismatch=0 dup=0
[2026-08-29 13:19:45] CALM1_HUMAN_Weile_2017: variants=1813 single=1813 mismatch=0 dup=0
[2026-08-29 13:19:46] CAPSD_AAV2S_Sinai_2021: variants=42328 single=532 mismatch=0 dup=0
[2026-08-29 13:19:46] CAR11_HUMAN_Meitlis_2020_gof: variants=2374 single=2374 mismatch=0 dup=0
[2026-08-29 13:19:46] CAR11_HUMAN_Meitlis_2020_lof: variants=2395 single=2395 mismatch=0 dup=0
[2026-08-29 13:19:46] CAS9_STRP1_Spencer_2017_positive: variants=8117 single=8117 mismatch=0 dup=0
[2026-08-29 13:19:46] CASP3_HUMAN_Roychowdhury_2020: variants=1567 single=1567 mismatch=0 dup=0
[2026-08-29 13:19:46] CASP7_HUMAN_Roychowdhury_2020: variants=1680 single=1680 mismatch=0 dup=0
[2026-08-29 13:19:46] CATR_CHLRE_Tsuboyama_2023_2AMI: variants=1903 single=1340 mismatch=0 dup=0
[2026-08-29 13:19:46] CBPA2_HUMAN_Tsuboyama_2023_1O6X: variants=2068 single=1357 mismatch=0 dup=0
[2026-08-29 13:19:46] CBS_HUMAN_Sun_2020: variants=7217 single=7217 mismatch=0 dup=0
[2026-08-29 13:19:46] CBX4_HUMAN_Tsuboyama_2023_2K28: variants=2282 single=917 mismatch=0 dup=0
[2026-08-29 13:19:46] CCDB_ECOLI_Adkar_2012: variants=1176 single=1176 mismatch=0 dup=0
[2026-08-29 13:19:47] CCDB_ECOLI_Tripathi_2016: variants=1663 single=1663 mismatch=0 dup=0
[2026-08-29 13:19:47] CCR5_HUMAN_Gill_2023: variants=6137 single=6137 mismatch=0 dup=0
[2026-08-29 13:19:47] CD19_HUMAN_Klesmith_2019_FMC_singles: variants=3761 single=3761 mismatch=0 dup=0
[2026-08-29 13:19:47] CP2C9_HUMAN_Amorosi_2021_abundance: variants=6370 single=6370 mismatch=0 dup=0
[2026-08-29 13:19:47] CP2C9_HUMAN_Amorosi_2021_activity: variants=6142 single=6142 mismatch=0 dup=0
[2026-08-29 13:19:47] CSN4_MOUSE_Tsuboyama_2023_1UFM: variants=3295 single=1353 mismatch=0 dup=0
[2026-08-29 13:19:47] CUE1_YEAST_Tsuboyama_2023_2MYX: variants=1580 single=955 mismatch=0 dup=0
[2026-08-29 13:19:47] D7PM05_CLYGR_Somermeyer_2022: variants=24515 single=1169 mismatch=0 dup=0
[2026-08-29 13:19:47] DLG4_HUMAN_Faure_2021: variants=6976 single=1280 mismatch=0 dup=0
[2026-08-29 13:19:47] DLG4_RAT_McLaughlin_2012: variants=1576 single=1576 mismatch=0 dup=0
[2026-08-29 13:19:47] DN7A_SACS2_Tsuboyama_2023_1JIC: variants=1008 single=1008 mismatch=0 dup=0
[2026-08-29 13:19:47] DNJA1_HUMAN_Tsuboyama_2023_2LO1: variants=2264 single=1216 mismatch=0 dup=0
[2026-08-29 13:19:47] DOCK1_MOUSE_Tsuboyama_2023_2M0Y: variants=2915 single=1213 mismatch=0 dup=0
[2026-08-29 13:19:48] DYR_ECOLI_Nguyen_2023: variants=2916 single=2916 mismatch=0 dup=0
[2026-08-29 13:19:48] DYR_ECOLI_Thompson_2019: variants=2363 single=2363 mismatch=0 dup=0
[2026-08-29 13:19:48] ENV_HV1B9_DuenasDecamp_2016: variants=375 single=375 mismatch=0 dup=0
[2026-08-29 13:19:48] ENV_HV1BR_Haddox_2016: variants=12863 single=12863 mismatch=0 dup=0
[2026-08-29 13:19:48] ENVZ_ECOLI_Ghose_2023: variants=1121 single=1121 mismatch=0 dup=0
[2026-08-29 13:19:48] EPHB2_HUMAN_Tsuboyama_2023_1F0M: variants=1960 single=1239 mismatch=0 dup=0
[2026-08-29 13:19:48] ERBB2_HUMAN_Elazar_2016: variants=326 single=326 mismatch=0 dup=0
[2026-08-29 13:19:48] ESTA_BACSU_Nutschel_2020: variants=2172 single=2172 mismatch=0 dup=0
[2026-08-29 13:19:48] F7YBW8_MESOW_Aakre_2015: variants=9192 single=37 mismatch=0 dup=0
[2026-08-29 13:19:48] F7YBW8_MESOW_Ding_2023: variants=7922 single=80 mismatch=0 dup=0
[2026-08-29 13:19:48] FECA_ECOLI_Tsuboyama_2023_2D1U: variants=1886 single=1219 mismatch=0 dup=0
[2026-08-29 13:19:48] FKBP3_HUMAN_Tsuboyama_2023_2KFV: variants=1237 single=1237 mismatch=0 dup=0
[2026-08-29 13:19:48] GAL4_YEAST_Kitzman_2015: variants=1195 single=1195 mismatch=0 dup=0
[2026-08-29 13:19:48] GCN4_YEAST_Staller_2018: variants=2638 single=33 mismatch=0 dup=0
[2026-08-29 13:19:48] GDIA_HUMAN_Silverstein_2021: variants=1154 single=1154 mismatch=0 dup=0
[2026-08-29 13:19:49] GFP_AEQVI_Sarkisyan_2016: variants=51714 single=1084 mismatch=0 dup=0
[2026-08-29 13:19:49] GLPA_HUMAN_Elazar_2016: variants=245 single=245 mismatch=0 dup=0
[2026-08-29 13:19:49] GRB2_HUMAN_Faure_2021: variants=63366 single=1034 mismatch=0 dup=0
[2026-08-29 13:19:49] HCP_LAMBD_Tsuboyama_2023_2L6Q: variants=1040 single=1040 mismatch=0 dup=0
[2026-08-29 13:19:49] HECD1_HUMAN_Tsuboyama_2023_3DKM: variants=5586 single=1244 mismatch=0 dup=0
[2026-08-29 13:19:49] HEM3_HUMAN_Loggerenberg_2023: variants=5689 single=5689 mismatch=0 dup=0
[2026-08-29 13:19:52] HIS7_YEAST_Pokusaeva_2019: variants=496137 single=168 mismatch=0 dup=0
[2026-08-29 13:19:53] HMDH_HUMAN_Jiang_2019: variants=16853 single=16853 mismatch=0 dup=0
[2026-08-29 13:19:53] HSP82_YEAST_Cote-Hammarlof_2020_growth-H2O2: variants=2252 single=2252 mismatch=0 dup=0
[2026-08-29 13:19:53] HSP82_YEAST_Flynn_2019: variants=13294 single=13294 mismatch=0 dup=0
[2026-08-29 13:19:53] HSP82_YEAST_Mishra_2016: variants=4323 single=4323 mismatch=0 dup=0
[2026-08-29 13:19:53] HXK4_HUMAN_Gersing_2022_activity: variants=8570 single=8570 mismatch=0 dup=0
[2026-08-29 13:19:53] HXK4_HUMAN_Gersing_2023_abundance: variants=8396 single=8396 mismatch=0 dup=0
[2026-08-29 13:19:53] I6TAH8_I68A0_Doud_2015: variants=9462 single=9462 mismatch=0 dup=0
[2026-08-29 13:19:54] IF1_ECOLI_Kelsic_2016: variants=1367 single=1367 mismatch=0 dup=0
[2026-08-29 13:19:54] ILF3_HUMAN_Tsuboyama_2023_2L33: variants=1329 single=1329 mismatch=0 dup=0
[2026-08-29 13:19:54] ISDH_STAAW_Tsuboyama_2023_2LHR: variants=1944 single=940 mismatch=0 dup=0
[2026-08-29 13:19:54] KCNE1_HUMAN_Muhammad_2023_expression: variants=2339 single=2339 mismatch=0 dup=0
[2026-08-29 13:19:54] KCNE1_HUMAN_Muhammad_2023_function: variants=2315 single=2315 mismatch=0 dup=0
[2026-08-29 13:19:54] KCNH2_HUMAN_Kozek_2020: variants=200 single=200 mismatch=0 dup=0
[2026-08-29 13:19:54] KCNJ2_MOUSE_Coyote-Maestas_2022_function: variants=6963 single=6963 mismatch=0 dup=0
[2026-08-29 13:19:54] KCNJ2_MOUSE_Coyote-Maestas_2022_surface: variants=6917 single=6917 mismatch=0 dup=0
[2026-08-29 13:19:54] KKA2_KLEPN_Melnikov_2014: variants=4960 single=4960 mismatch=0 dup=0
[2026-08-29 13:19:54] LGK_LIPST_Klesmith_2015: variants=7890 single=7890 mismatch=0 dup=0
[2026-08-29 13:19:54] LYAM1_HUMAN_Elazar_2016: variants=359 single=359 mismatch=0 dup=0
[2026-08-29 13:19:54] MAFG_MOUSE_Tsuboyama_2023_1K1V: variants=1429 single=762 mismatch=0 dup=0
[2026-08-29 13:19:54] MBD11_ARATH_Tsuboyama_2023_6ACV: variants=2116 single=1155 mismatch=0 dup=0
[2026-08-29 13:19:54] MET_HUMAN_Estevam_2023: variants=5393 single=5393 mismatch=0 dup=0
[2026-08-29 13:19:55] MK01_HUMAN_Brenan_2016: variants=6809 single=6809 mismatch=0 dup=0
[2026-08-29 13:19:55] MLAC_ECOLI_MacRae_2023: variants=4007 single=4007 mismatch=0 dup=0
[2026-08-29 13:19:55] MSH2_HUMAN_Jia_2020: variants=16749 single=16749 mismatch=0 dup=0
[2026-08-29 13:19:55] MTH3_HAEAE_RockahShmuel_2015: variants=1777 single=1777 mismatch=0 dup=0
[2026-08-29 13:19:55] MTHR_HUMAN_Weile_2021: variants=12464 single=12464 mismatch=0 dup=0
[2026-08-29 13:19:55] MYO3_YEAST_Tsuboyama_2023_2BTT: variants=3297 single=947 mismatch=0 dup=0
[2026-08-29 13:19:55] NCAP_I34A1_Doud_2015: variants=9462 single=9462 mismatch=0 dup=0
[2026-08-29 13:19:55] NKX31_HUMAN_Tsuboyama_2023_2L9R: variants=2482 single=1149 mismatch=0 dup=0
[2026-08-29 13:19:56] NPC1_HUMAN_Erwood_2022_HEK293T: variants=637 single=637 mismatch=0 dup=0
[2026-08-29 13:19:56] NPC1_HUMAN_Erwood_2022_RPE1: variants=63 single=63 mismatch=0 dup=0
[2026-08-29 13:19:56] NRAM_I33A0_Jiang_2016: variants=298 single=298 mismatch=0 dup=0
[2026-08-29 13:19:56] NUD15_HUMAN_Suiter_2020: variants=2844 single=2844 mismatch=0 dup=0
[2026-08-29 13:19:56] NUSA_ECOLI_Tsuboyama_2023_1WCL: variants=2028 single=1306 mismatch=0 dup=0
[2026-08-29 13:19:56] NUSG_MYCTU_Tsuboyama_2023_2MI6: variants=1380 single=1019 mismatch=0 dup=0
[2026-08-29 13:19:56] OBSCN_HUMAN_Tsuboyama_2023_1V1C: variants=3197 single=1213 mismatch=0 dup=0
[2026-08-29 13:19:56] ODP2_GEOSE_Tsuboyama_2023_1W4G: variants=1134 single=669 mismatch=0 dup=0
[2026-08-29 13:19:56] OPSD_HUMAN_Wan_2019: variants=165 single=165 mismatch=0 dup=0
[2026-08-29 13:19:56] OTC_HUMAN_Lo_2023: variants=1570 single=1570 mismatch=0 dup=0
[2026-08-29 13:19:56] OTU7A_HUMAN_Tsuboyama_2023_2L2D: variants=635 single=635 mismatch=0 dup=0
[2026-08-29 13:19:56] OXDA_RHOTO_Vanella_2023_activity: variants=6396 single=6396 mismatch=0 dup=0
[2026-08-29 13:19:56] OXDA_RHOTO_Vanella_2023_expression: variants=6769 single=6769 mismatch=0 dup=0
[2026-08-29 13:19:57] P53_HUMAN_Giacomelli_2018_Null_Etoposide: variants=7467 single=7467 mismatch=0 dup=0
[2026-08-29 13:19:57] P53_HUMAN_Giacomelli_2018_Null_Nutlin: variants=7467 single=7467 mismatch=0 dup=0
[2026-08-29 13:19:57] P53_HUMAN_Giacomelli_2018_WT_Nutlin: variants=7467 single=7467 mismatch=0 dup=0
[2026-08-29 13:19:57] P53_HUMAN_Kotler_2018: variants=1048 single=1048 mismatch=0 dup=0
[2026-08-29 13:19:57] P84126_THETH_Chan_2017: variants=1519 single=1519 mismatch=0 dup=0
[2026-08-29 13:19:57] PA_I34A1_Wu_2015: variants=1820 single=1820 mismatch=0 dup=0
[2026-08-29 13:19:58] PABP_YEAST_Melamed_2013: variants=37708 single=1187 mismatch=0 dup=0
[2026-08-29 13:19:58] PAI1_HUMAN_Huttinger_2021: variants=5345 single=5345 mismatch=0 dup=0
[2026-08-29 13:19:59] PHOT_CHLRE_Chen_2023: variants=167529 single=2122 mismatch=0 dup=0
[2026-08-29 13:20:00] PIN1_HUMAN_Tsuboyama_2023_1I6C: variants=802 single=686 mismatch=0 dup=0
[2026-08-29 13:20:00] PITX2_HUMAN_Tsuboyama_2023_2L7M: variants=1824 single=938 mismatch=0 dup=0
[2026-08-29 13:20:00] PKN1_HUMAN_Tsuboyama_2023_1URF: variants=1301 single=1301 mismatch=0 dup=0
[2026-08-29 13:20:01] POLG_CXB3N_Mattenberger_2021: variants=15711 single=15711 mismatch=0 dup=0
[2026-08-29 13:20:01] POLG_DEN26_Suphatrakul_2023: variants=16897 single=16897 mismatch=0 dup=0
[2026-08-29 13:20:02] POLG_HCVJF_Qi_2014: variants=1630 single=1630 mismatch=0 dup=0
[2026-08-29 13:20:02] POLG_PESV_Tsuboyama_2023_2MXD: variants=5130 single=995 mismatch=0 dup=0
[2026-08-29 13:20:02] PPARG_HUMAN_Majithia_2016: variants=9576 single=9576 mismatch=0 dup=0
[2026-08-29 13:20:02] PPM1D_HUMAN_Miller_2022: variants=7889 single=7889 mismatch=0 dup=0
[2026-08-29 13:20:02] PR40A_HUMAN_Tsuboyama_2023_1UZC: variants=2033 single=1163 mismatch=0 dup=0
[2026-08-29 13:20:02] PRKN_HUMAN_Clausen_2023: variants=8756 single=8756 mismatch=0 dup=0
[2026-08-29 13:20:02] PSAE_PICP2_Tsuboyama_2023_1PSE: variants=1579 single=1219 mismatch=0 dup=0
[2026-08-29 13:20:03] PTEN_HUMAN_Matreyek_2021: variants=5083 single=5083 mismatch=0 dup=0
[2026-08-29 13:20:03] PTEN_HUMAN_Mighell_2018: variants=7260 single=7260 mismatch=0 dup=0
[2026-08-29 13:20:03] Q2N0S5_9HIV1_Haddox_2018: variants=12729 single=12729 mismatch=0 dup=0
[2026-08-29 13:20:03] Q53Z42_HUMAN_McShan_2019_binding-TAPBPR: variants=3344 single=3344 mismatch=0 dup=0
[2026-08-29 13:20:04] Q53Z42_HUMAN_McShan_2019_expression: variants=3344 single=3344 mismatch=0 dup=0
[2026-08-29 13:20:04] Q59976_STRSQ_Romero_2015: variants=2999 single=2999 mismatch=0 dup=0
[2026-08-29 13:20:04] Q6WV12_9MAXI_Somermeyer_2022: variants=31401 single=1141 mismatch=0 dup=0
[2026-08-29 13:20:04] Q837P4_ENTFA_Meier_2023: variants=697 single=697 mismatch=0 dup=0
[2026-08-29 13:20:04] Q837P5_ENTFA_Meier_2023: variants=747 single=747 mismatch=0 dup=0
[2026-08-29 13:20:05] Q8WTC7_9CNID_Somermeyer_2022: variants=33510 single=1201 mismatch=0 dup=0
[2026-08-29 13:20:05] R1AB_SARS2_Flynn_2022: variants=5725 single=5725 mismatch=0 dup=0
[2026-08-29 13:20:05] RAD_ANTMA_Tsuboyama_2023_2CJJ: variants=912 single=774 mismatch=0 dup=0
[2026-08-29 13:20:05] RAF1_HUMAN_Zinkus-Boltz_2019: variants=297 single=297 mismatch=0 dup=0
[2026-08-29 13:20:05] RASH_HUMAN_Bandaru_2017: variants=3134 single=3134 mismatch=0 dup=0
[2026-08-29 13:20:05] RASK_HUMAN_Weng_2022_abundance: variants=26012 single=3066 mismatch=0 dup=0
[2026-08-29 13:20:06] RASK_HUMAN_Weng_2022_binding-DARPin_K55: variants=24873 single=3084 mismatch=0 dup=0
[2026-08-29 13:20:06] RBP1_HUMAN_Tsuboyama_2023_2KWH: variants=1332 single=975 mismatch=0 dup=0
[2026-08-29 13:20:06] RCD1_ARATH_Tsuboyama_2023_5OAO: variants=1261 single=988 mismatch=0 dup=0
[2026-08-29 13:20:06] RCRO_LAMBD_Tsuboyama_2023_1ORC: variants=2278 single=1195 mismatch=0 dup=0
[2026-08-29 13:20:06] RD23A_HUMAN_Tsuboyama_2023_1IFY: variants=1019 single=798 mismatch=0 dup=0
[2026-08-29 13:20:06] RDRP_I33A0_Li_2023: variants=12003 single=12003 mismatch=0 dup=0
[2026-08-29 13:20:07] REV_HV1H2_Fernandes_2016: variants=2147 single=2147 mismatch=0 dup=0
[2026-08-29 13:20:07] RFAH_ECOLI_Tsuboyama_2023_2LCL: variants=1326 single=969 mismatch=0 dup=0
[2026-08-29 13:20:07] RL20_AQUAE_Tsuboyama_2023_1GYZ: variants=1461 single=1121 mismatch=0 dup=0
[2026-08-29 13:20:07] RL40A_YEAST_Mavor_2016: variants=1253 single=1253 mismatch=0 dup=0
[2026-08-29 13:20:07] RL40A_YEAST_Roscoe_2013: variants=1195 single=1195 mismatch=0 dup=0
[2026-08-29 13:20:07] RL40A_YEAST_Roscoe_2014: variants=1380 single=1380 mismatch=0 dup=0
[2026-08-29 13:20:07] RNC_ECOLI_Weeks_2023: variants=4277 single=4277 mismatch=0 dup=0
[2026-08-29 13:20:07] RPC1_BP434_Tsuboyama_2023_1R69: variants=1459 single=1124 mismatch=0 dup=0
[2026-08-29 13:20:07] RPC1_LAMBD_Li_2019_high-expression: variants=351 single=351 mismatch=0 dup=0
[2026-08-29 13:20:07] RPC1_LAMBD_Li_2019_low-expression: variants=351 single=351 mismatch=0 dup=0
[2026-08-29 13:20:07] RS15_GEOSE_Tsuboyama_2023_1A32: variants=1195 single=1195 mismatch=0 dup=0
[2026-08-29 13:20:07] S22A1_HUMAN_Yee_2023_abundance: variants=9803 single=9803 mismatch=0 dup=0
[2026-08-29 13:20:07] S22A1_HUMAN_Yee_2023_activity: variants=10094 single=10094 mismatch=0 dup=0
[2026-08-29 13:20:07] SAV1_MOUSE_Tsuboyama_2023_2YSB: variants=965 single=679 mismatch=0 dup=0
[2026-08-29 13:20:07] SBI_STAAM_Tsuboyama_2023_2JVG: variants=1025 single=1025 mismatch=0 dup=0
[2026-08-29 13:20:08] SC6A4_HUMAN_Young_2021: variants=11576 single=11576 mismatch=0 dup=0
[2026-08-29 13:20:08] SCIN_STAAR_Tsuboyama_2023_2QFF: variants=1212 single=1212 mismatch=0 dup=0
[2026-08-29 13:20:08] SCN5A_HUMAN_Glazer_2019: variants=224 single=224 mismatch=0 dup=0
[2026-08-29 13:20:08] SDA_BACSU_Tsuboyama_2023_1PV0: variants=2770 single=834 mismatch=0 dup=0
[2026-08-29 13:20:08] SERC_HUMAN_Xie_2023: variants=1914 single=1914 mismatch=0 dup=0
[2026-08-29 13:20:09] SHOC2_HUMAN_Kwon_2022: variants=10972 single=10972 mismatch=0 dup=0
[2026-08-29 13:20:09] SOX30_HUMAN_Tsuboyama_2023_7JJK: variants=1010 single=1010 mismatch=0 dup=0
[2026-08-29 13:20:09] SPA_STAAU_Tsuboyama_2023_1LP1: variants=2105 single=1035 mismatch=0 dup=0
[2026-08-29 13:20:18] SPG1_STRSG_Olson_2014: variants=536962 single=1045 mismatch=0 dup=0
[2026-08-29 13:20:20] SPG1_STRSG_Wu_2016: variants=149360 single=76 mismatch=0 dup=0
[2026-08-29 13:20:20] SPG2_STRSG_Tsuboyama_2023_5UBS: variants=1451 single=1029 mismatch=0 dup=0
[2026-08-29 13:20:20] SPIKE_SARS2_Starr_2020_binding: variants=3802 single=3802 mismatch=0 dup=0
[2026-08-29 13:20:20] SPIKE_SARS2_Starr_2020_expression: variants=3798 single=3798 mismatch=0 dup=0
[2026-08-29 13:20:20] SPTN1_CHICK_Tsuboyama_2023_1TUD: variants=3201 single=1051 mismatch=0 dup=0
[2026-08-29 13:20:20] SQSTM_MOUSE_Tsuboyama_2023_2RRU: variants=707 single=707 mismatch=0 dup=0
[2026-08-29 13:20:20] SR43C_ARATH_Tsuboyama_2023_2N88: variants=1583 single=889 mismatch=0 dup=0
[2026-08-29 13:20:20] SRBS1_HUMAN_Tsuboyama_2023_2O2W: variants=1556 single=1211 mismatch=0 dup=0
[2026-08-29 13:20:20] SRC_HUMAN_Ahler_2019: variants=3372 single=3372 mismatch=0 dup=0
[2026-08-29 13:20:20] SRC_HUMAN_Chakraborty_2023_binding-DAS_25uM: variants=3637 single=3637 mismatch=0 dup=0
[2026-08-29 13:20:20] SRC_HUMAN_Nguyen_2022: variants=3366 single=3366 mismatch=0 dup=0
[2026-08-29 13:20:20] SUMO1_HUMAN_Weile_2017: variants=1700 single=1700 mismatch=0 dup=0
[2026-08-29 13:20:20] SYUA_HUMAN_Newberry_2020: variants=2497 single=2497 mismatch=0 dup=0
[2026-08-29 13:20:20] TADBP_HUMAN_Bolognesi_2019: variants=1196 single=1196 mismatch=0 dup=0
[2026-08-29 13:20:20] TAT_HV1BR_Fernandes_2016: variants=1577 single=1577 mismatch=0 dup=0
[2026-08-29 13:20:20] TCRG1_MOUSE_Tsuboyama_2023_1E0L: variants=1058 single=621 mismatch=0 dup=0
[2026-08-29 13:20:20] THO1_YEAST_Tsuboyama_2023_2WQG: variants=1279 single=656 mismatch=0 dup=0
[2026-08-29 13:20:20] TNKS2_HUMAN_Tsuboyama_2023_5JRT: variants=1479 single=1118 mismatch=0 dup=0
[2026-08-29 13:20:20] TPK1_HUMAN_Weile_2017: variants=3181 single=3181 mismatch=0 dup=0
[2026-08-29 13:20:20] TPMT_HUMAN_Matreyek_2018: variants=3648 single=3648 mismatch=0 dup=0
[2026-08-29 13:20:20] TPOR_HUMAN_Bridgford_2020: variants=562 single=562 mismatch=0 dup=0
[2026-08-29 13:20:21] TRPC_SACS2_Chan_2017: variants=1519 single=1519 mismatch=0 dup=0
[2026-08-29 13:20:21] TRPC_THEMA_Chan_2017: variants=1519 single=1519 mismatch=0 dup=0
[2026-08-29 13:20:21] UBC9_HUMAN_Weile_2017: variants=2563 single=2563 mismatch=0 dup=0
[2026-08-29 13:20:21] UBE4B_HUMAN_Tsuboyama_2023_3L1X: variants=3622 single=1118 mismatch=0 dup=0
[2026-08-29 13:20:21] UBE4B_MOUSE_Starita_2013: variants=899 single=899 mismatch=0 dup=0
[2026-08-29 13:20:21] UBR5_HUMAN_Tsuboyama_2023_1I2T: variants=1453 single=1094 mismatch=0 dup=0
[2026-08-29 13:20:21] VG08_BPP22_Tsuboyama_2023_2GP8: variants=723 single=723 mismatch=0 dup=0
[2026-08-29 13:20:21] VILI_CHICK_Tsuboyama_2023_1YU5: variants=2568 single=1202 mismatch=0 dup=0
[2026-08-29 13:20:21] VKOR1_HUMAN_Chiasson_2020_abundance: variants=2695 single=2695 mismatch=0 dup=0
[2026-08-29 13:20:21] VKOR1_HUMAN_Chiasson_2020_activity: variants=697 single=697 mismatch=0 dup=0
[2026-08-29 13:20:21] VRPI_BPT7_Tsuboyama_2023_2WNM: variants=1047 single=1047 mismatch=0 dup=0
[2026-08-29 13:20:21] YAIA_ECOLI_Tsuboyama_2023_2KVT: variants=1890 single=928 mismatch=0 dup=0
[2026-08-29 13:20:21] YAP1_HUMAN_Araya_2012: variants=10075 single=362 mismatch=0 dup=0
[2026-08-29 13:20:21] YNZC_BACSU_Tsuboyama_2023_2JVD: variants=2300 single=714 mismatch=0 dup=0
[2026-08-29 13:20:27] all_mutations.parquet: 2465767 rows, 217 assays
[2026-08-29 13:20:29] processed_single_mutations.parquet: 696311 rows, 217 assays, 186 proteins
[2026-08-29 13:20:29] totals: seq_mismatch=0 duplicate=0
[2026-08-29 13:20:29] elapsed_seconds=46.7
