[2026-08-29 17:00:15] rows: 696311
[2026-08-29 17:00:17] rho_D_plddt: median=-0.4000 bootstrap95=[-0.4000,-0.2000] frac_neg=0.687
[2026-08-29 17:00:17] rho_Dsd_plddt: median=0.0000 bootstrap95=[-0.2000,0.2000] frac_neg=0.493
[2026-08-29 17:00:17] rho_De_plddt: median=-0.4000 bootstrap95=[-0.4000,-0.2000] frac_neg=0.630
[2026-08-29 17:00:17] uniprot proteins: 186
[2026-08-29 17:00:17] uniprot fetched 1/186
[2026-08-29 17:00:47] uniprot fetch FAILED A0A192B1T2_9HIV1: HTTP Error 404: Not Found
[2026-08-29 17:01:17] uniprot fetch FAILED ANCSZ: HTTP Error 400: Bad Request
[2026-08-29 17:01:17] uniprot fetched 31/186
[2026-08-29 17:01:17] uniprot fetched 61/186
[2026-08-29 17:01:17] uniprot fetched 91/186
[2026-08-29 17:01:47] uniprot fetch FAILED Q2N0S5_9HIV1: HTTP Error 404: Not Found
[2026-08-29 17:01:47] uniprot fetched 121/186
[2026-08-29 17:01:47] uniprot fetched 151/186
[2026-08-29 17:01:47] uniprot fetched 181/186
[2026-08-29 17:01:47] uniprot_features.parquet: 86054 positions; features: {'domain': 38700, 'region': 31636, 'disulfid': 8899, 'transmembrane': 4029, 'motif': 973, 'binding_site': 939, 'mod_res': 782, 'active_site': 96}
[2026-08-29 17:01:47] A0A1I9GEU1_NEIME: target 161 -> uni 161, mapped 161 positions (1.00)
[2026-08-29 17:01:47] A0A247D711_LISMN: target 87 -> uni 87, mapped 87 positions (1.00)
[2026-08-29 17:01:47] A4_HUMAN: target 770 -> uni 770, mapped 770 positions (1.00)
[2026-08-29 17:01:47] AACC1_PSEAI: target 177 -> uni 177, mapped 176 positions (0.99)
[2026-08-29 17:01:47] ACE2_HUMAN: target 805 -> uni 805, mapped 805 positions (1.00)
[2026-08-29 17:01:47] ADRB2_HUMAN: target 413 -> uni 413, mapped 413 positions (1.00)
[2026-08-29 17:01:47] AICDA_HUMAN: target 198 -> uni 198, mapped 198 positions (1.00)
[2026-08-29 17:01:47] AMFR_HUMAN: target 47 -> uni 643, mapped 47 positions (1.00)
[2026-08-29 17:01:47] AMIE_PSEAE: target 346 -> uni 346, mapped 346 positions (1.00)
[2026-08-29 17:02:18] uniprot fasta FAILED ANCSZ (ANCSZ): HTTP Error 400: Bad Request
[2026-08-29 17:02:18] ARGR_ECOLI: target 69 -> uni 156, mapped 69 positions (1.00)
[2026-08-29 17:02:18] B2L11_HUMAN: target 198 -> uni 198, mapped 198 positions (1.00)
[2026-08-29 17:02:18] BBC1_YEAST: target 64 -> uni 1157, mapped 64 positions (1.00)
[2026-08-29 17:02:18] BCHB_CHLTE: target 52 -> uni 537, mapped 52 positions (1.00)
[2026-08-29 17:02:18] BLAT_ECOLX: target 286 -> uni 286, mapped 286 positions (1.00)
[2026-08-29 17:02:18] BRCA1_HUMAN: target 1863 -> uni 1863, mapped 1863 positions (1.00)
[2026-08-29 17:02:18] BRCA2_HUMAN: target 3418 -> uni 3418, mapped 3418 positions (1.00)
[2026-08-29 17:02:18] C6KNH7_9INFA: target 566 -> uni 566, mapped 563 positions (0.99)
[2026-08-29 17:02:18] CALM1_HUMAN: target 149 -> uni 149, mapped 149 positions (1.00)
[2026-08-29 17:02:18] CAPSD_AAV2S: target 735 -> uni 735, mapped 735 positions (1.00)
[2026-08-29 17:02:18] CAR11_HUMAN: target 1154 -> uni 1154, mapped 1154 positions (1.00)
[2026-08-29 17:02:18] CAS9_STRP1: target 1368 -> uni 1368, mapped 1368 positions (1.00)
[2026-08-29 17:02:18] CASP3_HUMAN: target 258 -> uni 277, mapped 250 positions (0.97)
[2026-08-29 17:02:18] CASP7_HUMAN: target 281 -> uni 303, mapped 281 positions (1.00)
[2026-08-29 17:02:18] CATR_CHLRE: target 72 -> uni 169, mapped 72 positions (1.00)
[2026-08-29 17:02:18] CBPA2_HUMAN: target 72 -> uni 419, mapped 72 positions (1.00)
[2026-08-29 17:02:18] CBS_HUMAN: target 551 -> uni 551, mapped 551 positions (1.00)
[2026-08-29 17:02:18] CBX4_HUMAN: target 50 -> uni 560, mapped 50 positions (1.00)
[2026-08-29 17:02:18] CCDB_ECOLI: target 101 -> uni 101, mapped 101 positions (1.00)
[2026-08-29 17:02:18] CCR5_HUMAN: target 352 -> uni 352, mapped 352 positions (1.00)
[2026-08-29 17:02:18] CD19_HUMAN: target 556 -> uni 556, mapped 556 positions (1.00)
[2026-08-29 17:02:18] CP2C9_HUMAN: target 490 -> uni 490, mapped 490 positions (1.00)
[2026-08-29 17:02:18] CSN4_MOUSE: target 72 -> uni 406, mapped 72 positions (1.00)
[2026-08-29 17:02:18] CUE1_YEAST: target 52 -> uni 203, mapped 52 positions (1.00)
[2026-08-29 17:02:18] D7PM05_CLYGR: target 235 -> uni 235, mapped 235 positions (1.00)
[2026-08-29 17:02:18] DLG4_HUMAN: target 724 -> uni 724, mapped 724 positions (1.00)
[2026-08-29 17:02:18] DLG4_RAT: target 724 -> uni 724, mapped 724 positions (1.00)
[2026-08-29 17:02:18] DN7A_SACS2: target 55 -> uni 64, mapped 55 positions (1.00)
[2026-08-29 17:02:18] DNJA1_HUMAN: target 65 -> uni 397, mapped 65 positions (1.00)
[2026-08-29 17:02:18] DOCK1_MOUSE: target 66 -> uni 1865, mapped 66 positions (1.00)
[2026-08-29 17:02:18] DYR_ECOLI: target 159 -> uni 159, mapped 159 positions (1.00)
[2026-08-29 17:02:18] ENV_HV1B9: target 853 -> uni 853, mapped 851 positions (1.00)
[2026-08-29 17:02:18] ENV_HV1BR: target 861 -> uni 861, mapped 860 positions (1.00)
[2026-08-29 17:02:18] ENVZ_ECOLI: target 60 -> uni 450, mapped 60 positions (1.00)
[2026-08-29 17:02:18] EPHB2_HUMAN: target 66 -> uni 1055, mapped 66 positions (1.00)
[2026-08-29 17:02:18] ERBB2_HUMAN: target 1255 -> uni 1255, mapped 1255 positions (1.00)
[2026-08-29 17:02:18] ESTA_BACSU: target 212 -> uni 212, mapped 212 positions (1.00)
[2026-08-29 17:02:18] F7YBW8_MESOW: target 93 -> uni 93, mapped 93 positions (1.00)
[2026-08-29 17:02:18] FECA_ECOLI: target 72 -> uni 774, mapped 72 positions (1.00)
[2026-08-29 17:02:18] FKBP3_HUMAN: target 69 -> uni 224, mapped 69 positions (1.00)
[2026-08-29 17:02:18] GAL4_YEAST: target 881 -> uni 881, mapped 881 positions (1.00)
[2026-08-29 17:02:18] GCN4_YEAST: target 281 -> uni 281, mapped 281 positions (1.00)
[2026-08-29 17:02:18] GDIA_HUMAN: target 447 -> uni 447, mapped 447 positions (1.00)
[2026-08-29 17:02:18] GFP_AEQVI: target 238 -> uni 238, mapped 237 positions (1.00)
[2026-08-29 17:02:18] GLPA_HUMAN: target 150 -> uni 150, mapped 148 positions (0.99)
[2026-08-29 17:02:18] GRB2_HUMAN: target 217 -> uni 217, mapped 217 positions (1.00)
[2026-08-29 17:02:18] HCP_LAMBD: target 55 -> uni 68, mapped 54 positions (0.98)
[2026-08-29 17:02:18] HECD1_HUMAN: target 72 -> uni 2610, mapped 71 positions (0.99)
[2026-08-29 17:02:18] HEM3_HUMAN: target 361 -> uni 361, mapped 361 positions (1.00)
[2026-08-29 17:02:18] HIS7_YEAST: target 220 -> uni 220, mapped 220 positions (1.00)
[2026-08-29 17:02:18] HMDH_HUMAN: target 888 -> uni 888, mapped 888 positions (1.00)
[2026-08-29 17:02:18] HSP82_YEAST: target 709 -> uni 709, mapped 709 positions (1.00)
[2026-08-29 17:02:18] HXK4_HUMAN: target 465 -> uni 465, mapped 465 positions (1.00)
[2026-08-29 17:02:18] I6TAH8_I68A0: target 498 -> uni 498, mapped 498 positions (1.00)
[2026-08-29 17:02:18] IF1_ECOLI: target 72 -> uni 72, mapped 72 positions (1.00)
[2026-08-29 17:02:18] ILF3_HUMAN: target 71 -> uni 894, mapped 71 positions (1.00)
[2026-08-29 17:02:19] ISDH_STAAW: target 55 -> uni 895, mapped 55 positions (1.00)
[2026-08-29 17:02:19] KCNE1_HUMAN: target 129 -> uni 129, mapped 128 positions (0.99)
[2026-08-29 17:02:19] KCNH2_HUMAN: target 1159 -> uni 1159, mapped 1159 positions (1.00)
[2026-08-29 17:02:19] KCNJ2_MOUSE: target 428 -> uni 428, mapped 428 positions (1.00)
[2026-08-29 17:02:19] KKA2_KLEPN: target 264 -> uni 264, mapped 264 positions (1.00)
[2026-08-29 17:02:19] LGK_LIPST: target 439 -> uni 439, mapped 436 positions (0.99)
[2026-08-29 17:02:19] LYAM1_HUMAN: target 372 -> uni 372, mapped 372 positions (1.00)
[2026-08-29 17:02:19] MAFG_MOUSE: target 41 -> uni 162, mapped 41 positions (1.00)
[2026-08-29 17:02:19] MBD11_ARATH: target 66 -> uni 254, mapped 66 positions (1.00)
[2026-08-29 17:02:19] MET_HUMAN: target 287 -> uni 1390, mapped 287 positions (1.00)
[2026-08-29 17:02:19] MK01_HUMAN: target 360 -> uni 360, mapped 360 positions (1.00)
[2026-08-29 17:02:19] MLAC_ECOLI: target 211 -> uni 211, mapped 211 positions (1.00)
[2026-08-29 17:02:19] MSH2_HUMAN: target 934 -> uni 934, mapped 934 positions (1.00)
[2026-08-29 17:02:19] MTH3_HAEAE: target 330 -> uni 330, mapped 325 positions (0.98)
[2026-08-29 17:02:19] MTHR_HUMAN: target 656 -> uni 656, mapped 656 positions (1.00)
[2026-08-29 17:02:19] MYO3_YEAST: target 61 -> uni 1272, mapped 61 positions (1.00)
[2026-08-29 17:02:19] NCAP_I34A1: target 498 -> uni 498, mapped 498 positions (1.00)
[2026-08-29 17:02:19] NKX31_HUMAN: target 61 -> uni 234, mapped 59 positions (0.97)
[2026-08-29 17:02:19] NPC1_HUMAN: target 1278 -> uni 1278, mapped 1278 positions (1.00)
[2026-08-29 17:02:19] NRAM_I33A0: target 453 -> uni 453, mapped 453 positions (1.00)
[2026-08-29 17:02:19] NUD15_HUMAN: target 164 -> uni 164, mapped 164 positions (1.00)
[2026-08-29 17:02:19] NUSA_ECOLI: target 69 -> uni 495, mapped 69 positions (1.00)
[2026-08-29 17:02:19] NUSG_MYCTU: target 55 -> uni 238, mapped 55 positions (1.00)
[2026-08-29 17:02:19] OBSCN_HUMAN: target 65 -> uni 7968, mapped 65 positions (1.00)
[2026-08-29 17:02:19] ODP2_GEOSE: target 44 -> uni 428, mapped 43 positions (0.98)
[2026-08-29 17:02:19] OPSD_HUMAN: target 348 -> uni 348, mapped 348 positions (1.00)
[2026-08-29 17:02:19] OTC_HUMAN: target 354 -> uni 354, mapped 354 positions (1.00)
[2026-08-29 17:02:19] OTU7A_HUMAN: target 42 -> uni 926, mapped 42 positions (1.00)
[2026-08-29 17:02:19] OXDA_RHOTO: target 364 -> uni 368, mapped 364 positions (1.00)
[2026-08-29 17:02:19] P53_HUMAN: target 393 -> uni 393, mapped 393 positions (1.00)
[2026-08-29 17:02:19] P84126_THETH: target 254 -> uni 254, mapped 254 positions (1.00)
[2026-08-29 17:02:19] PA_I34A1: target 716 -> uni 716, mapped 699 positions (0.98)
[2026-08-29 17:02:19] PABP_YEAST: target 577 -> uni 577, mapped 577 positions (1.00)
[2026-08-29 17:02:19] PAI1_HUMAN: target 402 -> uni 402, mapped 402 positions (1.00)
[2026-08-29 17:02:19] PHOT_CHLRE: target 118 -> uni 749, mapped 117 positions (0.99)
[2026-08-29 17:02:19] PIN1_HUMAN: target 39 -> uni 163, mapped 39 positions (1.00)
[2026-08-29 17:02:19] PITX2_HUMAN: target 52 -> uni 317, mapped 51 positions (0.98)
[2026-08-29 17:02:19] PKN1_HUMAN: target 71 -> uni 942, mapped 71 positions (1.00)
[2026-08-29 17:02:19] POLG_CXB3N: target 2185 -> uni 2185, mapped 2184 positions (1.00)
[2026-08-29 17:02:19] POLG_DEN26: target 900 -> uni 3391, mapped 893 positions (0.99)
[2026-08-29 17:02:19] POLG_HCVJF: target 3033 -> uni 3033, mapped 3033 positions (1.00)
[2026-08-29 17:02:19] POLG_PESV: target 53 -> uni 2254, mapped 53 positions (1.00)
[2026-08-29 17:02:19] PPARG_HUMAN: target 505 -> uni 505, mapped 505 positions (1.00)
[2026-08-29 17:02:19] PPM1D_HUMAN: target 605 -> uni 605, mapped 605 positions (1.00)
[2026-08-29 17:02:19] PR40A_HUMAN: target 63 -> uni 957, mapped 63 positions (1.00)
[2026-08-29 17:02:19] PRKN_HUMAN: target 465 -> uni 465, mapped 465 positions (1.00)
[2026-08-29 17:02:19] PSAE_PICP2: target 68 -> uni 70, mapped 68 positions (1.00)
[2026-08-29 17:02:19] PTEN_HUMAN: target 403 -> uni 403, mapped 403 positions (1.00)
[2026-08-29 17:02:19] Q2N0S5_9HIV1: target 860 -> uni 860, mapped 859 positions (1.00)
[2026-08-29 17:02:19] Q53Z42_HUMAN: target 365 -> uni 365, mapped 365 positions (1.00)
[2026-08-29 17:02:19] Q6WV12_9MAXI: target 222 -> uni 222, mapped 222 positions (1.00)
[2026-08-29 17:02:19] Q837P4_ENTFA: target 589 -> uni 589, mapped 589 positions (1.00)
[2026-08-29 17:02:19] Q837P5_ENTFA: target 571 -> uni 571, mapped 571 positions (1.00)
[2026-08-29 17:02:19] Q8WTC7_9CNID: target 238 -> uni 238, mapped 238 positions (1.00)
[2026-08-29 17:02:19] R1AB_SARS2: target 306 -> uni 7096, mapped 306 positions (1.00)
[2026-08-29 17:02:19] RAD_ANTMA: target 54 -> uni 93, mapped 54 positions (1.00)
[2026-08-29 17:02:19] RAF1_HUMAN: target 648 -> uni 648, mapped 648 positions (1.00)
[2026-08-29 17:02:19] RASH_HUMAN: target 189 -> uni 189, mapped 189 positions (1.00)
[2026-08-29 17:02:19] RASK_HUMAN: target 188 -> uni 189, mapped 172 positions (0.91)
[2026-08-29 17:02:19] RBP1_HUMAN: target 52 -> uni 655, mapped 51 positions (0.98)
[2026-08-29 17:02:19] RCD1_ARATH: target 57 -> uni 589, mapped 57 positions (1.00)
[2026-08-29 17:02:19] RCRO_LAMBD: target 63 -> uni 66, mapped 58 positions (0.92)
[2026-08-29 17:02:19] RD23A_HUMAN: target 44 -> uni 363, mapped 44 positions (1.00)
[2026-08-29 17:02:19] RDRP_I33A0: target 757 -> uni 757, mapped 757 positions (1.00)
[2026-08-29 17:02:19] REV_HV1H2: target 116 -> uni 116, mapped 115 positions (0.99)
[2026-08-29 17:02:19] RFAH_ECOLI: target 55 -> uni 162, mapped 55 positions (1.00)
[2026-08-29 17:02:19] RL20_AQUAE: target 59 -> uni 118, mapped 59 positions (1.00)
[2026-08-29 17:02:19] RL40A_YEAST: target 128 -> uni 128, mapped 128 positions (1.00)
[2026-08-29 17:02:19] RNC_ECOLI: target 226 -> uni 226, mapped 226 positions (1.00)
[2026-08-29 17:02:19] RPC1_BP434: target 61 -> uni 95, mapped 61 positions (1.00)
[2026-08-29 17:02:19] RPC1_LAMBD: target 237 -> uni 237, mapped 237 positions (1.00)
[2026-08-29 17:02:19] RS15_GEOSE: target 63 -> uni 89, mapped 63 positions (1.00)
[2026-08-29 17:02:19] S22A1_HUMAN: target 553 -> uni 554, mapped 553 positions (1.00)
[2026-08-29 17:02:19] SAV1_MOUSE: target 43 -> uni 386, mapped 43 positions (1.00)
[2026-08-29 17:02:19] SBI_STAAM: target 56 -> uni 426, mapped 56 positions (1.00)
[2026-08-29 17:02:19] SC6A4_HUMAN: target 630 -> uni 630, mapped 630 positions (1.00)
[2026-08-29 17:02:19] SCIN_STAAR: target 70 -> uni 116, mapped 70 positions (1.00)
[2026-08-29 17:02:19] SCN5A_HUMAN: target 2016 -> uni 2016, mapped 2016 positions (1.00)
[2026-08-29 17:02:19] SDA_BACSU: target 44 -> uni 52, mapped 44 positions (1.00)
[2026-08-29 17:02:19] SERC_HUMAN: target 370 -> uni 370, mapped 370 positions (1.00)
[2026-08-29 17:02:19] SHOC2_HUMAN: target 582 -> uni 582, mapped 582 positions (1.00)
[2026-08-29 17:02:19] SOX30_HUMAN: target 57 -> uni 753, mapped 57 positions (1.00)
[2026-08-29 17:02:19] SPA_STAAU: target 55 -> uni 508, mapped 41 positions (0.75)
[2026-08-29 17:02:19] SPG1_STRSG: target 448 -> uni 448, mapped 447 positions (1.00)
[2026-08-29 17:02:19] SPG2_STRSG: target 56 -> uni 593, mapped 53 positions (0.95)
[2026-08-29 17:02:19] SPIKE_SARS2: target 1273 -> uni 1273, mapped 1273 positions (1.00)
[2026-08-29 17:02:19] SPTN1_CHICK: target 60 -> uni 2477, mapped 58 positions (0.97)
[2026-08-29 17:02:19] SQSTM_MOUSE: target 40 -> uni 442, mapped 40 positions (1.00)
[2026-08-29 17:02:19] SR43C_ARATH: target 48 -> uni 373, mapped 48 positions (1.00)
[2026-08-29 17:02:19] SRBS1_HUMAN: target 67 -> uni 1292, mapped 67 positions (1.00)
[2026-08-29 17:02:19] SRC_HUMAN: target 536 -> uni 536, mapped 536 positions (1.00)
[2026-08-29 17:02:19] SUMO1_HUMAN: target 101 -> uni 101, mapped 101 positions (1.00)
[2026-08-29 17:02:19] SYUA_HUMAN: target 140 -> uni 140, mapped 134 positions (0.96)
[2026-08-29 17:02:19] TADBP_HUMAN: target 414 -> uni 414, mapped 414 positions (1.00)
[2026-08-29 17:02:19] TAT_HV1BR: target 86 -> uni 86, mapped 79 positions (0.92)
[2026-08-29 17:02:19] TCRG1_MOUSE: target 37 -> uni 1100, mapped 37 positions (1.00)
[2026-08-29 17:02:19] THO1_YEAST: target 41 -> uni 218, mapped 39 positions (0.95)
[2026-08-29 17:02:19] TNKS2_HUMAN: target 59 -> uni 1166, mapped 57 positions (0.97)
[2026-08-29 17:02:19] TPK1_HUMAN: target 243 -> uni 243, mapped 243 positions (1.00)
[2026-08-29 17:02:19] TPMT_HUMAN: target 245 -> uni 245, mapped 245 positions (1.00)
[2026-08-29 17:02:19] TPOR_HUMAN: target 635 -> uni 635, mapped 634 positions (1.00)
[2026-08-29 17:02:19] TRPC_SACS2: target 248 -> uni 248, mapped 248 positions (1.00)
[2026-08-29 17:02:19] TRPC_THEMA: target 252 -> uni 252, mapped 251 positions (1.00)
[2026-08-29 17:02:19] UBC9_HUMAN: target 159 -> uni 158, mapped 158 positions (0.99)
[2026-08-29 17:02:19] UBE4B_HUMAN: target 69 -> uni 1302, mapped 69 positions (1.00)
[2026-08-29 17:02:19] UBE4B_MOUSE: target 1173 -> uni 1173, mapped 1173 positions (1.00)
[2026-08-29 17:02:19] UBR5_HUMAN: target 58 -> uni 2799, mapped 58 positions (1.00)
[2026-08-29 17:02:19] VG08_BPP22: target 40 -> uni 303, mapped 40 positions (1.00)
[2026-08-29 17:02:19] VILI_CHICK: target 65 -> uni 826, mapped 65 positions (1.00)
[2026-08-29 17:02:19] VKOR1_HUMAN: target 163 -> uni 163, mapped 163 positions (1.00)
[2026-08-29 17:02:19] VRPI_BPT7: target 56 -> uni 64, mapped 56 positions (1.00)
[2026-08-29 17:02:19] YAIA_ECOLI: target 52 -> uni 63, mapped 52 positions (1.00)
[2026-08-29 17:02:19] YAP1_HUMAN: target 504 -> uni 504, mapped 504 positions (1.00)
[2026-08-29 17:02:19] YNZC_BACSU: target 39 -> uni 77, mapped 39 positions (1.00)
[2026-08-29 17:02:19] position map: 65431 mapped pairs (1.00 of targets mapped)
[2026-08-29 17:02:19] features transferred to DMS coordinates: 44708; features: {'region': 18004, 'domain': 15766, 'disulfid': 5782, 'transmembrane': 3158, 'motif': 803, 'binding_site': 656, 'mod_res': 482, 'active_site': 57}
[2026-08-29 17:02:55] enrichment:               mean_or  mean_perm_p   BH_q
feature                                   
active_site        inf        0.132  0.604
binding_site     3.120        0.238  0.604
disulfid         0.978        0.474  0.604
domain           0.380        0.836  0.836
mod_res          1.460        0.484  0.604
motif            0.965        0.481  0.604
region           1.326        0.401  0.604
transmembrane    1.163        0.528  0.604
[2026-08-29 17:02:55] proteins with domain annotations: 91
[2026-08-29 17:02:55] domain boundary D by distance bin: 0-5:0.630, 6-10:0.589, 11-20:0.577, >20:0.628
[2026-08-29 17:02:56] figures written: Fig3A
[2026-08-29 17:02:56] elapsed_seconds=161.4
