[2026-09-06 20:35:14] core panel loaded: 40 models
[2026-09-06 20:35:18] rows: 696311
[2026-09-06 20:35:18] variants with all three family centroids: 696311
[2026-09-06 20:38:33] BIC per K: 2:3761555, 3:3718186, 4:3713160, 5:3715447, 6:3712513, 7:3713039, 8:3713405
[2026-09-06 20:38:33] best K = 6
[2026-09-06 20:38:33] regime centroids:
   S_single_seq  S_evolution  S_structure    size                name
0          0.61         0.65         0.04   83694            regime_0
1         -0.44        -0.49        -0.24  186482            regime_1
2          0.97         1.05         0.94  104108  consensus_damaging
3         -0.96        -1.13        -0.79   97584  consensus_tolerant
4         -0.17        -0.06        -0.32   67355            regime_4
5          0.19         0.21         0.40  157088            regime_5
[2026-09-06 20:38:34] regime sizes: {'regime_1': 186482, 'regime_5': 157088, 'consensus_damaging': 104108, 'consensus_tolerant': 97584, 'regime_0': 83694, 'regime_4': 67355}
[2026-09-06 20:38:34] regime summary:
            regime      n  median_plddt  frac_low_plddt  median_error  median_Y  median_D  frac_active  frac_binding  frac_domain  frac_transmem
consensus_damaging 104108         95.86           0.003           NaN     0.811     0.628        0.004         0.038        0.291          0.070
consensus_tolerant  97584         90.65           0.162           NaN     0.257     0.615        0.000         0.005        0.229          0.027
          regime_0  83694         93.40           0.026           NaN     0.652     0.652        0.004         0.034        0.244          0.069
          regime_1 186482         92.78           0.079           NaN     0.372     0.545        0.000         0.007        0.247          0.043
          regime_4  67355         90.34           0.095           NaN     0.452     0.781        0.000         0.009        0.197          0.018
          regime_5 157088         94.41           0.018           NaN     0.581     0.579        0.000         0.008        0.266          0.046
[2026-09-06 20:38:35] family advantage by pLDDT:
family plddt_bin      n  median_adv  frac_pos
   seq  pLDDT<50  42273       0.019     0.805
   seq     50-70  42607       0.022     0.754
   seq     70-90 157897       0.011     0.701
   seq      >=90 446394       0.008     0.667
   evo  pLDDT<50  42273       0.002     0.537
   evo     50-70  42607       0.003     0.543
   evo     70-90 157897       0.003     0.576
   evo      >=90 446394       0.005     0.598
struct  pLDDT<50  42273      -0.006     0.451
struct     50-70  42607      -0.007     0.442
struct     70-90 157897      -0.003     0.469
struct      >=90 446394      -0.002     0.477
[2026-09-06 20:38:37] family advantage by annotation (median adv, frac pos):
[2026-09-06 20:38:37]   seq active_site=True: 0.0511 (0.65, n=755)
[2026-09-06 20:38:37]   seq active_site=False: 0.0101 (0.69, n=695556)
[2026-09-06 20:38:37]   seq binding_site=True: 0.0150 (0.65, n=10395)
[2026-09-06 20:38:37]   seq binding_site=False: 0.0101 (0.68, n=685916)
[2026-09-06 20:38:37]   seq domain=True: 0.0082 (0.64, n=174195)
[2026-09-06 20:38:37]   seq domain=False: 0.0117 (0.70, n=522116)
[2026-09-06 20:38:37]   seq transmembrane=True: 0.0168 (0.87, n=32214)
[2026-09-06 20:38:37]   seq transmembrane=False: 0.0087 (0.68, n=664097)
[2026-09-06 20:38:37]   evo active_site=True: 0.0772 (0.75, n=755)
[2026-09-06 20:38:37]   evo active_site=False: 0.0037 (0.56, n=695556)
[2026-09-06 20:38:37]   evo binding_site=True: 0.0189 (0.76, n=10395)
[2026-09-06 20:38:37]   evo binding_site=False: 0.0031 (0.56, n=685916)
[2026-09-06 20:38:37]   evo domain=True: 0.0028 (0.53, n=174195)
[2026-09-06 20:38:37]   evo domain=False: 0.0028 (0.58, n=522116)
[2026-09-06 20:38:37]   evo transmembrane=True: 0.0111 (0.70, n=32214)
[2026-09-06 20:38:37]   evo transmembrane=False: 0.0033 (0.55, n=664097)
[2026-09-06 20:38:37]   struct active_site=True: -0.1312 (0.25, n=755)
[2026-09-06 20:38:37]   struct active_site=False: -0.0028 (0.46, n=695556)
[2026-09-06 20:38:37]   struct binding_site=True: -0.0236 (0.35, n=10395)
[2026-09-06 20:38:37]   struct binding_site=False: -0.0029 (0.47, n=685916)
[2026-09-06 20:38:37]   struct domain=True: 0.0030 (0.55, n=174195)
[2026-09-06 20:38:37]   struct domain=False: -0.0052 (0.42, n=522116)
[2026-09-06 20:38:37]   struct transmembrane=True: -0.0141 (0.17, n=32214)
[2026-09-06 20:38:37]   struct transmembrane=False: -0.0019 (0.46, n=664097)
[2026-09-06 20:38:40] figures written: Fig4A, Fig4B, Fig5A
[2026-09-06 20:38:40] elapsed_seconds=205.9
