[2026-09-06 20:50:40] core panel loaded: 40 models
[2026-09-06 20:50:45] BioGate dataset: 696311 rows, 186 proteins
[2026-09-06 20:51:10] fold 0: best_single=U_evolution; biogate median rho=0.5029; uniform median rho=0.5015
[2026-09-06 20:51:21] fold 1: best_single=U_evolution; biogate median rho=0.5298; uniform median rho=0.5244
[2026-09-06 20:51:33] fold 2: best_single=U_evolution; biogate median rho=0.5817; uniform median rho=0.5587
[2026-09-06 20:51:44] fold 3: best_single=U_evolution; biogate median rho=0.5346; uniform median rho=0.5360
[2026-09-06 20:51:56] fold 4: best_single=U_evolution; biogate median rho=0.5748; uniform median rho=0.5721
[2026-09-06 20:51:56] 
                  method  n_proteins  median_rho  mean_rho  mean_auroc
best_single(U_evolution)         186      0.4727    0.4673      0.7481
                 biogate         186      0.5510    0.5261      0.7472
         linear_stacking         186      0.5278    0.5208      0.7584
        uniform_ensemble         186      0.5424    0.5257      0.7569
                 xgboost         186      0.5727    0.5460      0.7579
[2026-09-06 20:51:57] paired bootstrap Δrho biogate-uniform: mean=0.0004 CI=[-0.0077,0.0084]
[2026-09-06 20:53:21] 
ablation  median_rho
    full      0.5439
no_plddt      0.5364
  no_ann      0.5246
  no_msa      0.5365
[2026-09-06 20:53:21] GO/NO-GO 3 verdict: MARGINAL
[2026-09-06 20:53:22] figures written: Fig6A, Fig6B
[2026-09-06 20:53:22] elapsed_seconds=163.8
